1727918360.843124 client started (79783): version 3.4, socket /private/tmp/tmux-501/default, protocol 8
1727918360.843167 on Darwin 23.6.0 Darwin Kernel Version 23.6.0: Fri Jul  5 17:55:37 PDT 2024; root:xnu-10063.141.1~2/RELEASE_ARM64_T6030
1727918360.843181 using libevent 2.1.12-stable select
1727918360.843733 using utf8proc 2.9.0
1727918360.843785 using ncurses 6.5 20240427
1727918360.843836 flags are 0x18010000
1727918360.843856 socket is /private/tmp/tmux-501/default
1727918360.843878 trying connect
1727918360.843914 connect failed: Connection refused
1727918360.843937 lock file is /private/tmp/tmux-501/default.lock
1727918360.844122 flock succeeded
1727918360.844135 got lock (6)
1727918360.844149 trying connect
1727918360.844165 connect failed: Connection refused
1727918360.844651 add peer 0x148008000: 7 (0x0)
1727918360.846854 sending message 100 to peer 0x148008000 (4 bytes)
1727918360.846872 sending message 111 to peer 0x148008000 (8 bytes)
1727918360.846881 sending message 101 to peer 0x148008000 (15 bytes)
1727918360.846889 sending message 109 to peer 0x148008000 (4 bytes)
1727918360.846896 sending message 102 to peer 0x148008000 (13 bytes)
1727918360.846904 sending message 108 to peer 0x148008000 (40 bytes)
1727918360.846911 sending message 112 to peer 0x148008000 (58 bytes)
1727918360.846919 sending message 112 to peer 0x148008000 (5 bytes)
1727918360.846926 sending message 112 to peer 0x148008000 (5 bytes)
1727918360.846933 sending message 112 to peer 0x148008000 (6 bytes)
1727918360.846940 sending message 112 to peer 0x148008000 (6 bytes)
1727918360.846947 sending message 112 to peer 0x148008000 (11 bytes)
1727918360.846954 sending message 112 to peer 0x148008000 (10 bytes)
1727918360.846962 sending message 112 to peer 0x148008000 (13 bytes)
1727918360.846969 sending message 112 to peer 0x148008000 (14 bytes)
1727918360.846976 sending message 112 to peer 0x148008000 (19 bytes)
1727918360.846983 sending message 112 to peer 0x148008000 (11 bytes)
1727918360.846990 sending message 112 to peer 0x148008000 (10 bytes)
1727918360.846997 sending message 112 to peer 0x148008000 (15 bytes)
1727918360.847004 sending message 112 to peer 0x148008000 (21 bytes)
1727918360.847011 sending message 112 to peer 0x148008000 (13 bytes)
1727918360.847019 sending message 112 to peer 0x148008000 (7 bytes)
1727918360.847026 sending message 112 to peer 0x148008000 (13 bytes)
1727918360.847033 sending message 112 to peer 0x148008000 (7 bytes)
1727918360.847040 sending message 112 to peer 0x148008000 (13 bytes)
1727918360.847047 sending message 112 to peer 0x148008000 (9 bytes)
1727918360.847054 sending message 112 to peer 0x148008000 (21 bytes)
1727918360.847061 sending message 112 to peer 0x148008000 (13 bytes)
1727918360.847068 sending message 112 to peer 0x148008000 (9 bytes)
1727918360.847075 sending message 112 to peer 0x148008000 (16 bytes)
1727918360.847082 sending message 112 to peer 0x148008000 (13 bytes)
1727918360.847089 sending message 112 to peer 0x148008000 (9 bytes)
1727918360.847096 sending message 112 to peer 0x148008000 (9 bytes)
1727918360.847103 sending message 112 to peer 0x148008000 (12 bytes)
1727918360.847110 sending message 112 to peer 0x148008000 (8 bytes)
1727918360.847117 sending message 112 to peer 0x148008000 (8 bytes)
1727918360.847125 sending message 112 to peer 0x148008000 (13 bytes)
1727918360.847132 sending message 112 to peer 0x148008000 (7 bytes)
1727918360.847140 sending message 112 to peer 0x148008000 (7 bytes)
1727918360.847147 sending message 112 to peer 0x148008000 (9 bytes)
1727918360.847155 sending message 112 to peer 0x148008000 (9 bytes)
1727918360.847162 sending message 112 to peer 0x148008000 (15 bytes)
1727918360.847169 sending message 112 to peer 0x148008000 (13 bytes)
1727918360.847176 sending message 112 to peer 0x148008000 (12 bytes)
1727918360.847184 sending message 112 to peer 0x148008000 (8 bytes)
1727918360.847191 sending message 112 to peer 0x148008000 (14 bytes)
1727918360.847198 sending message 112 to peer 0x148008000 (11 bytes)
1727918360.847205 sending message 112 to peer 0x148008000 (9 bytes)
1727918360.847237 sending message 112 to peer 0x148008000 (10 bytes)
1727918360.847242 sending message 112 to peer 0x148008000 (10 bytes)
1727918360.847247 sending message 112 to peer 0x148008000 (10 bytes)
1727918360.847252 sending message 112 to peer 0x148008000 (10 bytes)
1727918360.847256 sending message 112 to peer 0x148008000 (11 bytes)
1727918360.847260 sending message 112 to peer 0x148008000 (12 bytes)
1727918360.847265 sending message 112 to peer 0x148008000 (12 bytes)
1727918360.847270 sending message 112 to peer 0x148008000 (12 bytes)
1727918360.847275 sending message 112 to peer 0x148008000 (12 bytes)
1727918360.847280 sending message 112 to peer 0x148008000 (12 bytes)
1727918360.847284 sending message 112 to peer 0x148008000 (11 bytes)
1727918360.847289 sending message 112 to peer 0x148008000 (11 bytes)
1727918360.847294 sending message 112 to peer 0x148008000 (12 bytes)
1727918360.847299 sending message 112 to peer 0x148008000 (12 bytes)
1727918360.847305 sending message 112 to peer 0x148008000 (12 bytes)
1727918360.847310 sending message 112 to peer 0x148008000 (12 bytes)
1727918360.847316 sending message 112 to peer 0x148008000 (12 bytes)
1727918360.847320 sending message 112 to peer 0x148008000 (9 bytes)
1727918360.847325 sending message 112 to peer 0x148008000 (12 bytes)
1727918360.847330 sending message 112 to peer 0x148008000 (13 bytes)
1727918360.847335 sending message 112 to peer 0x148008000 (13 bytes)
1727918360.847340 sending message 112 to peer 0x148008000 (13 bytes)
1727918360.847345 sending message 112 to peer 0x148008000 (13 bytes)
1727918360.847350 sending message 112 to peer 0x148008000 (13 bytes)
1727918360.847356 sending message 112 to peer 0x148008000 (8 bytes)
1727918360.847360 sending message 112 to peer 0x148008000 (11 bytes)
1727918360.847365 sending message 112 to peer 0x148008000 (11 bytes)
1727918360.847370 sending message 112 to peer 0x148008000 (11 bytes)
1727918360.847375 sending message 112 to peer 0x148008000 (12 bytes)
1727918360.847380 sending message 112 to peer 0x148008000 (12 bytes)
1727918360.847385 sending message 112 to peer 0x148008000 (12 bytes)
1727918360.847390 sending message 112 to peer 0x148008000 (12 bytes)
1727918360.847395 sending message 112 to peer 0x148008000 (13 bytes)
1727918360.847401 sending message 112 to peer 0x148008000 (13 bytes)
1727918360.847406 sending message 112 to peer 0x148008000 (13 bytes)
1727918360.847411 sending message 112 to peer 0x148008000 (8 bytes)
1727918360.847416 sending message 112 to peer 0x148008000 (13 bytes)
1727918360.847420 sending message 112 to peer 0x148008000 (13 bytes)
1727918360.847425 sending message 112 to peer 0x148008000 (13 bytes)
1727918360.847436 sending message 112 to peer 0x148008000 (13 bytes)
1727918360.847441 sending message 112 to peer 0x148008000 (13 bytes)
1727918360.847446 sending message 112 to peer 0x148008000 (12 bytes)
1727918360.847451 sending message 112 to peer 0x148008000 (12 bytes)
1727918360.847457 sending message 112 to peer 0x148008000 (12 bytes)
1727918360.847463 sending message 112 to peer 0x148008000 (12 bytes)
1727918360.847469 sending message 112 to peer 0x148008000 (13 bytes)
1727918360.847474 sending message 112 to peer 0x148008000 (8 bytes)
1727918360.847479 sending message 112 to peer 0x148008000 (13 bytes)
1727918360.847484 sending message 112 to peer 0x148008000 (13 bytes)
1727918360.847489 sending message 112 to peer 0x148008000 (13 bytes)
1727918360.847494 sending message 112 to peer 0x148008000 (13 bytes)
1727918360.847500 sending message 112 to peer 0x148008000 (13 bytes)
1727918360.847505 sending message 112 to peer 0x148008000 (13 bytes)
1727918360.847509 sending message 112 to peer 0x148008000 (13 bytes)
1727918360.847513 sending message 112 to peer 0x148008000 (12 bytes)
1727918360.847518 sending message 112 to peer 0x148008000 (12 bytes)
1727918360.847522 sending message 112 to peer 0x148008000 (12 bytes)
1727918360.847526 sending message 112 to peer 0x148008000 (8 bytes)
1727918360.847530 sending message 112 to peer 0x148008000 (12 bytes)
1727918360.847535 sending message 112 to peer 0x148008000 (13 bytes)
1727918360.847546 sending message 112 to peer 0x148008000 (13 bytes)
1727918360.847551 sending message 112 to peer 0x148008000 (13 bytes)
1727918360.847555 sending message 112 to peer 0x148008000 (13 bytes)
1727918360.847559 sending message 112 to peer 0x148008000 (13 bytes)
1727918360.847562 sending message 112 to peer 0x148008000 (13 bytes)
1727918360.847566 sending message 112 to peer 0x148008000 (13 bytes)
1727918360.847570 sending message 112 to peer 0x148008000 (13 bytes)
1727918360.847574 sending message 112 to peer 0x148008000 (12 bytes)
1727918360.847578 sending message 112 to peer 0x148008000 (10 bytes)
1727918360.847582 sending message 112 to peer 0x148008000 (12 bytes)
1727918360.847587 sending message 112 to peer 0x148008000 (12 bytes)
1727918360.847592 sending message 112 to peer 0x148008000 (12 bytes)
1727918360.847596 sending message 112 to peer 0x148008000 (13 bytes)
1727918360.847601 sending message 112 to peer 0x148008000 (13 bytes)
1727918360.847605 sending message 112 to peer 0x148008000 (13 bytes)
1727918360.847609 sending message 112 to peer 0x148008000 (13 bytes)
1727918360.847614 sending message 112 to peer 0x148008000 (13 bytes)
1727918360.847619 sending message 112 to peer 0x148008000 (13 bytes)
1727918360.847623 sending message 112 to peer 0x148008000 (13 bytes)
1727918360.847627 sending message 112 to peer 0x148008000 (10 bytes)
1727918360.847631 sending message 112 to peer 0x148008000 (13 bytes)
1727918360.847635 sending message 112 to peer 0x148008000 (12 bytes)
1727918360.847639 sending message 112 to peer 0x148008000 (12 bytes)
1727918360.847644 sending message 112 to peer 0x148008000 (12 bytes)
1727918360.847647 sending message 112 to peer 0x148008000 (10 bytes)
1727918360.847652 sending message 112 to peer 0x148008000 (10 bytes)
1727918360.847656 sending message 112 to peer 0x148008000 (10 bytes)
1727918360.847661 sending message 112 to peer 0x148008000 (12 bytes)
1727918360.847665 sending message 112 to peer 0x148008000 (13 bytes)
1727918360.847669 sending message 112 to peer 0x148008000 (13 bytes)
1727918360.847674 sending message 112 to peer 0x148008000 (13 bytes)
1727918360.847678 sending message 112 to peer 0x148008000 (13 bytes)
1727918360.847683 sending message 112 to peer 0x148008000 (13 bytes)
1727918360.847687 sending message 112 to peer 0x148008000 (10 bytes)
1727918360.847692 sending message 112 to peer 0x148008000 (11 bytes)
1727918360.847697 sending message 112 to peer 0x148008000 (12 bytes)
1727918360.847702 sending message 112 to peer 0x148008000 (12 bytes)
1727918360.847706 sending message 112 to peer 0x148008000 (12 bytes)
1727918360.847710 sending message 112 to peer 0x148008000 (12 bytes)
1727918360.847715 sending message 112 to peer 0x148008000 (12 bytes)
1727918360.847719 sending message 112 to peer 0x148008000 (11 bytes)
1727918360.847724 sending message 112 to peer 0x148008000 (12 bytes)
1727918360.847728 sending message 112 to peer 0x148008000 (12 bytes)
1727918360.847733 sending message 112 to peer 0x148008000 (13 bytes)
1727918360.847738 sending message 112 to peer 0x148008000 (13 bytes)
1727918360.847741 sending message 112 to peer 0x148008000 (13 bytes)
1727918360.847746 sending message 112 to peer 0x148008000 (13 bytes)
1727918360.847751 sending message 112 to peer 0x148008000 (13 bytes)
1727918360.847755 sending message 112 to peer 0x148008000 (10 bytes)
1727918360.847760 sending message 112 to peer 0x148008000 (9 bytes)
1727918360.847765 sending message 112 to peer 0x148008000 (12 bytes)
1727918360.847769 sending message 112 to peer 0x148008000 (13 bytes)
1727918360.847774 sending message 112 to peer 0x148008000 (13 bytes)
1727918360.847779 sending message 112 to peer 0x148008000 (13 bytes)
1727918360.847784 sending message 112 to peer 0x148008000 (13 bytes)
1727918360.847789 sending message 112 to peer 0x148008000 (13 bytes)
1727918360.847794 sending message 112 to peer 0x148008000 (9 bytes)
1727918360.847798 sending message 112 to peer 0x148008000 (12 bytes)
1727918360.847803 sending message 112 to peer 0x148008000 (13 bytes)
1727918360.847814 sending message 112 to peer 0x148008000 (13 bytes)
1727918360.847818 sending message 112 to peer 0x148008000 (13 bytes)
1727918360.847824 sending message 112 to peer 0x148008000 (13 bytes)
1727918360.847828 sending message 112 to peer 0x148008000 (13 bytes)
1727918360.847833 sending message 112 to peer 0x148008000 (11 bytes)
1727918360.847837 sending message 112 to peer 0x148008000 (12 bytes)
1727918360.847841 sending message 112 to peer 0x148008000 (13 bytes)
1727918360.847846 sending message 112 to peer 0x148008000 (13 bytes)
1727918360.847851 sending message 112 to peer 0x148008000 (13 bytes)
1727918360.847855 sending message 112 to peer 0x148008000 (13 bytes)
1727918360.847860 sending message 112 to peer 0x148008000 (13 bytes)
1727918360.847864 sending message 112 to peer 0x148008000 (11 bytes)
1727918360.847869 sending message 112 to peer 0x148008000 (12 bytes)
1727918360.847873 sending message 112 to peer 0x148008000 (12 bytes)
1727918360.847878 sending message 112 to peer 0x148008000 (12 bytes)
1727918360.847882 sending message 112 to peer 0x148008000 (12 bytes)
1727918360.847887 sending message 112 to peer 0x148008000 (12 bytes)
1727918360.847891 sending message 112 to peer 0x148008000 (21 bytes)
1727918360.847896 sending message 112 to peer 0x148008000 (12 bytes)
1727918360.847900 sending message 112 to peer 0x148008000 (9 bytes)
1727918360.847905 sending message 112 to peer 0x148008000 (6 bytes)
1727918360.847909 sending message 112 to peer 0x148008000 (13 bytes)
1727918360.847914 sending message 112 to peer 0x148008000 (10 bytes)
1727918360.847918 sending message 112 to peer 0x148008000 (15 bytes)
1727918360.847923 sending message 112 to peer 0x148008000 (13 bytes)
1727918360.847928 sending message 112 to peer 0x148008000 (9 bytes)
1727918360.847932 sending message 112 to peer 0x148008000 (70 bytes)
1727918360.847936 sending message 112 to peer 0x148008000 (69 bytes)
1727918360.847941 sending message 112 to peer 0x148008000 (73 bytes)
1727918360.847945 sending message 112 to peer 0x148008000 (12 bytes)
1727918360.847950 sending message 112 to peer 0x148008000 (10 bytes)
1727918360.847955 sending message 112 to peer 0x148008000 (10 bytes)
1727918360.847960 sending message 112 to peer 0x148008000 (15 bytes)
1727918360.847965 sending message 112 to peer 0x148008000 (13 bytes)
1727918360.847969 sending message 112 to peer 0x148008000 (10 bytes)
1727918360.847973 sending message 112 to peer 0x148008000 (10 bytes)
1727918360.847978 sending message 112 to peer 0x148008000 (17 bytes)
1727918360.847982 sending message 112 to peer 0x148008000 (13 bytes)
1727918360.847986 sending message 112 to peer 0x148008000 (15 bytes)
1727918360.847991 sending message 112 to peer 0x148008000 (5 bytes)
1727918360.847998 sending message 104 to peer 0x148008000 (0 bytes)
1727918360.848003 sending message 110 to peer 0x148008000 (0 bytes)
1727918360.848008 sending message 107 to peer 0x148008000 (4 bytes)
1727918360.848012 sending message 105 to peer 0x148008000 (60 bytes)
1727918360.848016 sending message 105 to peer 0x148008000 (66 bytes)
1727918360.848021 sending message 105 to peer 0x148008000 (26 bytes)
1727918360.848025 sending message 105 to peer 0x148008000 (15 bytes)
1727918360.848030 sending message 105 to peer 0x148008000 (22 bytes)
1727918360.848034 sending message 105 to peer 0x148008000 (14 bytes)
1727918360.848039 sending message 105 to peer 0x148008000 (17 bytes)
1727918360.848044 sending message 105 to peer 0x148008000 (44 bytes)
1727918360.848049 sending message 105 to peer 0x148008000 (15 bytes)
1727918360.848054 sending message 105 to peer 0x148008000 (43 bytes)
1727918360.848059 sending message 105 to peer 0x148008000 (44 bytes)
1727918360.848064 sending message 105 to peer 0x148008000 (27 bytes)
1727918360.848069 sending message 105 to peer 0x148008000 (23 bytes)
1727918360.848073 sending message 105 to peer 0x148008000 (527 bytes)
1727918360.848078 sending message 105 to peer 0x148008000 (19 bytes)
1727918360.848083 sending message 105 to peer 0x148008000 (20 bytes)
1727918360.848096 sending message 105 to peer 0x148008000 (22 bytes)
1727918360.848101 sending message 105 to peer 0x148008000 (20 bytes)
1727918360.848106 sending message 105 to peer 0x148008000 (86 bytes)
1727918360.848110 sending message 105 to peer 0x148008000 (17 bytes)
1727918360.848115 sending message 105 to peer 0x148008000 (57 bytes)
1727918360.848119 sending message 105 to peer 0x148008000 (10 bytes)
1727918360.848124 sending message 105 to peer 0x148008000 (19 bytes)
1727918360.848129 sending message 105 to peer 0x148008000 (13 bytes)
1727918360.848134 sending message 105 to peer 0x148008000 (61 bytes)
1727918360.848138 sending message 105 to peer 0x148008000 (32 bytes)
1727918360.848143 sending message 105 to peer 0x148008000 (8 bytes)
1727918360.848148 sending message 105 to peer 0x148008000 (54 bytes)
1727918360.848152 sending message 105 to peer 0x148008000 (27 bytes)
1727918360.848156 sending message 105 to peer 0x148008000 (11 bytes)
1727918360.848161 sending message 105 to peer 0x148008000 (8 bytes)
1727918360.848165 sending message 105 to peer 0x148008000 (32 bytes)
1727918360.848170 sending message 105 to peer 0x148008000 (96 bytes)
1727918360.848174 sending message 105 to peer 0x148008000 (30 bytes)
1727918360.848179 sending message 105 to peer 0x148008000 (37 bytes)
1727918360.848183 sending message 105 to peer 0x148008000 (34 bytes)
1727918360.848188 sending message 105 to peer 0x148008000 (35 bytes)
1727918360.848192 sending message 105 to peer 0x148008000 (25 bytes)
1727918360.848197 sending message 105 to peer 0x148008000 (16 bytes)
1727918360.848209 sending message 105 to peer 0x148008000 (52 bytes)
1727918360.848215 sending message 105 to peer 0x148008000 (61 bytes)
1727918360.848220 sending message 105 to peer 0x148008000 (25 bytes)
1727918360.848224 sending message 106 to peer 0x148008000 (0 bytes)
1727918360.848282 sending message 200 to peer 0x148008000 (4 bytes)
1727918360.848290 client loop enter
1727918360.848308 client_signal: Child exited: 20
1727918360.908313 peer 0x148008000 message 207
1727918360.908332 sending message 208 to peer 0x148008000 (0 bytes)
1727918364.918716 peer 0x148008000 message 201
1727918364.918761 sending message 205 to peer 0x148008000 (0 bytes)
1727918364.920043 peer 0x148008000 message 204
1727918364.920090 client loop exit
